exports[`test Renders component 1`] = `
<svg
  height={500}
  width={500}>
  <g
    transform="translate(70, 70)">
    <rect
      fill="transparent"
      height={360}
      transform="translate(0, 0)"
      width={360} />
    <g
      transform="translate(180, 180)">
      <g>
        <circle
          fill="#cdcdcd"
          fillOpacity={0.1}
          r={180}
          stroke="#cdcdcd" />
        <circle
          fill="#cdcdcd"
          fillOpacity={0.1}
          r={144}
          stroke="#cdcdcd" />
        <circle
          fill="#cdcdcd"
          fillOpacity={0.1}
          r={108}
          stroke="#cdcdcd" />
        <circle
          fill="#cdcdcd"
          fillOpacity={0.1}
          r={72}
          stroke="#cdcdcd" />
        <circle
          fill="#cdcdcd"
          fillOpacity={0.1}
          r={36}
          stroke="#cdcdcd" />
        <text
          dx="0.4em"
          dy="0.4em"
          fill="black"
          fontFamily="sans-serif"
          fontSize={10}
          textAnchor="left"
          x={0}
          y={-180}>
          10
        </text>
        <text
          dx="0.4em"
          dy="0.4em"
          fill="black"
          fontFamily="sans-serif"
          fontSize={10}
          textAnchor="left"
          x={0}
          y={-144}>
          8
        </text>
        <text
          dx="0.4em"
          dy="0.4em"
          fill="black"
          fontFamily="sans-serif"
          fontSize={10}
          textAnchor="left"
          x={0}
          y={-108}>
          6
        </text>
        <text
          dx="0.4em"
          dy="0.4em"
          fill="black"
          fontFamily="sans-serif"
          fontSize={10}
          textAnchor="left"
          x={0}
          y={-72}>
          4
        </text>
        <text
          dx="0.4em"
          dy="0.4em"
          fill="black"
          fontFamily="sans-serif"
          fontSize={10}
          textAnchor="left"
          x={0}
          y={-36}>
          2
        </text>
      </g>
      <g>
        <line
          stroke="#cdcdcd"
          strokeWidth={2}
          x1={0}
          x2={1.2124003311558799e-14}
          y1={0}
          y2={-198.00000000000003} />
        <text
          dy="0.35em"
          fill="black"
          fontFamily="sans-serif"
          fontSize={10}
          textAnchor="middle"
          x={1.3226185430791415e-14}
          y={-216}>
          Resilience
        </text>
      </g>
      <g>
        <line
          stroke="#cdcdcd"
          strokeWidth={2}
          x1={0}
          x2={171.47302994931886}
          y1={0}
          y2={-99.00000000000001} />
        <text
          dy="0.35em"
          fill="black"
          fontFamily="sans-serif"
          fontSize={10}
          textAnchor="middle"
          x={187.06148721743872}
          y={-108}>
          Strength
        </text>
      </g>
      <g>
        <line
          stroke="#cdcdcd"
          strokeWidth={2}
          x1={0}
          x2={171.47302994931889}
          y1={0}
          y2={98.99999999999999} />
        <text
          dy="0.35em"
          fill="black"
          fontFamily="sans-serif"
          fontSize={10}
          textAnchor="middle"
          x={187.06148721743875}
          y={107.99999999999996}>
          Adaptability
        </text>
      </g>
      <g>
        <line
          stroke="#cdcdcd"
          strokeWidth={2}
          x1={0}
          x2={1.2124003311558799e-14}
          y1={0}
          y2={198.00000000000003} />
        <text
          dy="0.35em"
          fill="black"
          fontFamily="sans-serif"
          fontSize={10}
          textAnchor="middle"
          x={1.3226185430791415e-14}
          y={216}>
          Creativity
        </text>
      </g>
      <g>
        <line
          stroke="#cdcdcd"
          strokeWidth={2}
          x1={0}
          x2={-171.47302994931886}
          y1={0}
          y2={99.00000000000009} />
        <text
          dy="0.35em"
          fill="black"
          fontFamily="sans-serif"
          fontSize={10}
          textAnchor="middle"
          x={-187.06148721743872}
          y={108.00000000000007}>
          Open to Change
        </text>
      </g>
      <g>
        <line
          stroke="#cdcdcd"
          strokeWidth={2}
          x1={0}
          x2={-171.47302994931894}
          y1={0}
          y2={-98.99999999999989} />
        <text
          dy="0.35em"
          fill="black"
          fontFamily="sans-serif"
          fontSize={10}
          textAnchor="middle"
          x={-187.06148721743884}
          y={-107.99999999999987}>
          Confidence
        </text>
      </g>
      <g>
        <path
          d="M93.53074360871936,-54.000000000000014C111.71727708819257,-31.50000000000002,124.70765814495915,47.999999999999964,109.11920087683926,62.999999999999964C93.53074360871936,77.99999999999997,38.97114317029973,34.499999999999986,4.408728476930472e-15,36C-38.97114317029972,37.500000000000014,-122.10958193360581,79.50000000000006,-124.70765814495913,72.00000000000006C-127.30573435631244,64.50000000000006,-36.373066958946424,15.00000000000002,-15.588457268119903,-8.999999999999988C5.196152422706618,-32.99999999999999,-18.186533479473212,-64.5,0,-72C18.186533479473212,-79.5,75.34421012924615,-76.5,93.53074360871936,-54.000000000000014"
          fill="#1f77b4"
          fillOpacity={0.2}
          stroke="#1f77b4"
          strokeOpacity={0.7} />
        <circle
          cx={4.408728476930472e-15}
          cy={-72}
          fill="#1f77b4"
          opacity={0.7}
          r={3}
          stroke="#1f77b4" />
        <circle
          cx={93.53074360871936}
          cy={-54}
          fill="#1f77b4"
          opacity={0.7}
          r={3}
          stroke="#1f77b4" />
        <circle
          cx={109.11920087683926}
          cy={62.99999999999997}
          fill="#1f77b4"
          opacity={0.7}
          r={3}
          stroke="#1f77b4" />
        <circle
          cx={2.204364238465236e-15}
          cy={36}
          fill="#1f77b4"
          opacity={0.7}
          r={3}
          stroke="#1f77b4" />
        <circle
          cx={-124.70765814495914}
          cy={72.00000000000004}
          fill="#1f77b4"
          opacity={0.7}
          r={3}
          stroke="#1f77b4" />
        <circle
          cx={-15.588457268119903}
          cy={-8.99999999999999}
          fill="#1f77b4"
          opacity={0.7}
          r={3}
          stroke="#1f77b4" />
      </g>
      <g>
        <path
          d="M124.70765814495915,-72.00000000000001C140.29611541307906,-33.00000000000002,114.3153532995459,29.99999999999998,93.53074360871938,53.99999999999998C72.74613391789285,77.99999999999997,20.78460969082653,78,8.817456953860943e-15,72C-20.784609690826517,66,-31.17691453623978,30.000000000000014,-31.17691453623978,18.000000000000014C-31.17691453623978,6.000000000000014,-5.19615242270663,33,0,0C5.19615242270663,-33,-20.784609690826525,-168,0,-180C20.784609690826525,-192,109.11920087683926,-111,124.70765814495915,-72.00000000000001"
          fill="#ff7f0e"
          fillOpacity={0.2}
          stroke="#ff7f0e"
          strokeOpacity={0.7} />
        <circle
          cx={1.1021821192326179e-14}
          cy={-180}
          fill="#ff7f0e"
          opacity={0.7}
          r={3}
          stroke="#ff7f0e" />
        <circle
          cx={124.70765814495915}
          cy={-72}
          fill="#ff7f0e"
          opacity={0.7}
          r={3}
          stroke="#ff7f0e" />
        <circle
          cx={93.53074360871938}
          cy={53.99999999999998}
          fill="#ff7f0e"
          opacity={0.7}
          r={3}
          stroke="#ff7f0e" />
        <circle
          cx={4.408728476930472e-15}
          cy={72}
          fill="#ff7f0e"
          opacity={0.7}
          r={3}
          stroke="#ff7f0e" />
        <circle
          cx={-31.176914536239785}
          cy={18.00000000000001}
          fill="#ff7f0e"
          opacity={0.7}
          r={3}
          stroke="#ff7f0e" />
        <circle
          cx={-0}
          cy={-0}
          fill="#ff7f0e"
          opacity={0.7}
          r={3}
          stroke="#ff7f0e" />
      </g>
    </g>
  </g>
</svg>
`;
